
> propchain-backend@1.0.0 prebuild
> rimraf dist


> propchain-backend@1.0.0 build
> nest build

npm : [96msrc/auth/auth.service.ts[0m:[93m110[0m:
[93m24[0m - [91merror[0m[90m TS2339: [0mProperty 
'password' does not exist on type 'unknown'.
At line:1 char:1
+ npm run build > build_output.txt 2>&1
+ ~~~~~~~~~~~~~~~~~~~~~~~~~~~~~~~~~~~~~
    + CategoryInfo          : NotSpecified: ([96msrc 
   /auth/a...type 'unknown'.:String) [], RemoteExcep  
  tion
    + FullyQualifiedErrorId : NativeCommandError
 

[7m110[0m     if (!user || !user.password) {
[7m   [0m [91m                       ~~~~~~~~[0m
[96msrc/auth/auth.service.ts[0m:[93m115[0m:[93m65
[0m - [91merror[0m[90m TS2339: [0mProperty 
'password' does not exist on type 'unknown'.

[7m115[0m     const isPasswordValid = await 
bcrypt.compare(password, user.password);
[7m   [0m [91m                                     
                           ~~~~~~~~[0m
[96msrc/auth/auth.service.ts[0m:[93m189[0m:[93m74
[0m - [91merror[0m[90m TS2339: [0mProperty 'id' 
does not exist on type 'unknown'.

[7m189[0m       this.logger.logAuth('Token 
refreshed successfully', { userId: user.id });
[7m   [0m [91m                                     
                                    ~~[0m
[96msrc/auth/auth.service.ts[0m:[93m243[0m:[93m37
[0m - [91merror[0m[90m TS2339: [0mProperty 'id' 
does not exist on type 'unknown'.

[7m243[0m       JSON.stringify({ userId: user.id, 
expiry: resetTokenExpiry }),
[7m   [0m [91m                                    
~~[0m
[96msrc/auth/auth.service.ts[0m:[93m246[0m:[93m44
[0m - [91merror[0m[90m TS2339: [0mProperty 
'email' does not exist on type 'unknown'.

[7m246[0m     await 
this.sendPasswordResetEmail(user.email, resetToken);
[7m   [0m [91m                                     
      ~~~~~[0m
[96msrc/auth/strategies/local.strategy.ts[0m:[93m18
[0m:[93m24[0m - [91merror[0m[90m TS2339: 
[0mProperty 'password' does not exist on type 
'unknown'.

[7m18[0m     if (!user || !user.password) {
[7m  [0m [91m                       ~~~~~~~~[0m
[96msrc/auth/strategies/local.strategy.ts[0m:[93m22
[0m:[93m65[0m - [91merror[0m[90m TS2339: 
[0mProperty 'password' does not exist on type 
'unknown'.

[7m22[0m     const isPasswordValid = await 
bcrypt.compare(password, user.password);
[7m  [0m [91m                                      
                          ~~~~~~~~[0m
[96msrc/auth/strategies/local.strategy.ts[0m:[93m29
[0m:[93m13[0m - [91merror[0m[90m TS2339: 
[0mProperty 'password' does not exist on type '{}'.

[7m29[0m     const { password: _, ...result } = 
user;
[7m  [0m [91m            ~~~~~~~~[0m
[96msrc/auth/strategies/local.strategy.ts[0m:[93m29
[0m:[93m29[0m - [91merror[0m[90m TS2700: 
[0mRest types may only be created from object types.

[7m29[0m     const { password: _, ...result } = 
user;
[7m  [0m [91m                            ~~~~~~[0m
[96msrc/database/prisma/prisma.types.ts[0m:[93m6[0
m:[93m39[0m - [91merror[0m[90m TS2694: 
[0mNamespace '"C:/Users/HP/Desktop/PropChain-BackEnd/
node_modules/.prisma/client/default".Prisma' has no 
exported member 'ModelName'.

[7m6[0m export type PrismaModelNames = 
Prisma.ModelName;
[7m [0m [91m                                      
~~~~~~~~~[0m
[96msrc/database/prisma/prisma.types.ts[0m:[93m9[0
m:[93m48[0m - [91merror[0m[90m TS2694: 
[0mNamespace '"C:/Users/HP/Desktop/PropChain-BackEnd/
node_modules/.prisma/client/default".Prisma' has no 
exported member 'ModelName'.

[7m9[0m export type PrismaSelect<T> = T extends 
Prisma.ModelName ? any : never;
[7m [0m [91m                                       
        ~~~~~~~~~[0m
[96msrc/database/prisma/prisma.types.ts[0m:[93m11[
0m:[93m49[0m - [91merror[0m[90m TS2694: 
[0mNamespace '"C:/Users/HP/Desktop/PropChain-BackEnd/
node_modules/.prisma/client/default".Prisma' has no 
exported member 'ModelName'.

[7m11[0m export type PrismaInclude<T> = T extends 
Prisma.ModelName ? any : never;
[7m  [0m [91m                                      
          ~~~~~~~~~[0m
[96msrc/database/prisma/prisma.types.ts[0m:[93m13[
0m:[93m47[0m - [91merror[0m[90m TS2694: 
[0mNamespace '"C:/Users/HP/Desktop/PropChain-BackEnd/
node_modules/.prisma/client/default".Prisma' has no 
exported member 'ModelName'.

[7m13[0m export type PrismaWhere<T> = T extends 
Prisma.ModelName ? any : never;
[7m  [0m [91m                                      
        ~~~~~~~~~[0m
[96msrc/database/prisma/prisma.types.ts[0m:[93m21[
0m:[93m19[0m - [91merror[0m[90m TS2694: 
[0mNamespace '"C:/Users/HP/Desktop/PropChain-BackEnd/
node_modules/.prisma/client/default".Prisma' has no 
exported member 'PropertyWhereUniqueInput'.

[7m21[0m   cursor?: Prisma.PropertyWhereUniqueInput;
[7m  [0m [91m                  
~~~~~~~~~~~~~~~~~~~~~~~~[0m
[96msrc/database/prisma/prisma.types.ts[0m:[93m22[
0m:[93m18[0m - [91merror[0m[90m TS2694: 
[0mNamespace '"C:/Users/HP/Desktop/PropChain-BackEnd/
node_modules/.prisma/client/default".Prisma' has no 
exported member 'PropertyWhereInput'.

[7m22[0m   where?: Prisma.PropertyWhereInput;
[7m  [0m [91m                 
~~~~~~~~~~~~~~~~~~[0m
[96msrc/database/prisma/prisma.types.ts[0m:[93m23[
0m:[93m20[0m - [91merror[0m[90m TS2694: 
[0mNamespace '"C:/Users/HP/Desktop/PropChain-BackEnd/
node_modules/.prisma/client/default".Prisma' has no 
exported member 'PropertyOrderByWithRelationInput'.

[7m23[0m   orderBy?: 
Prisma.PropertyOrderByWithRelationInput | 
Prisma.PropertyOrderByWithRelationInput[];
[7m  [0m [91m                   
~~~~~~~~~~~~~~~~~~~~~~~~~~~~~~~~[0m
[96msrc/database/prisma/prisma.types.ts[0m:[93m23[
0m:[93m62[0m - [91merror[0m[90m TS2694: 
[0mNamespace '"C:/Users/HP/Desktop/PropChain-BackEnd/
node_modules/.prisma/client/default".Prisma' has no 
exported member 'PropertyOrderByWithRelationInput'.

[7m23[0m   orderBy?: 
Prisma.PropertyOrderByWithRelationInput | 
Prisma.PropertyOrderByWithRelationInput[];
[7m  [0m [91m                                      
                       
~~~~~~~~~~~~~~~~~~~~~~~~~~~~~~~~[0m
[96msrc/database/prisma/prisma.types.ts[0m:[93m24[
0m:[93m19[0m - [91merror[0m[90m TS2694: 
[0mNamespace '"C:/Users/HP/Desktop/PropChain-BackEnd/
node_modules/.prisma/client/default".Prisma' has no 
exported member 'PropertySelect'.

[7m24[0m   select?: Prisma.PropertySelect;
[7m  [0m [91m                  ~~~~~~~~~~~~~~[0m
[96msrc/database/prisma/prisma.types.ts[0m:[93m25[
0m:[93m20[0m - [91merror[0m[90m TS2694: 
[0mNamespace '"C:/Users/HP/Desktop/PropChain-BackEnd/
node_modules/.prisma/client/default".Prisma' has no 
exported member 'PropertyInclude'.

[7m25[0m   include?: Prisma.PropertyInclude;
[7m  [0m [91m                   ~~~~~~~~~~~~~~~[0m
[96msrc/database/prisma/prisma.types.ts[0m:[93m40[
0m:[93m23[0m - [91merror[0m[90m TS2694: 
[0mNamespace '"C:/Users/HP/Desktop/PropChain-BackEnd/
node_modules/.prisma/client/default".Prisma' has no 
exported member 'ModelName'.

[7m40[0m     modelName: Prisma.ModelName,
[7m  [0m [91m                      ~~~~~~~~~[0m
[96msrc/models/api-key.entity.ts[0m:[93m1[0m:[93m
10[0m - [91merror[0m[90m TS2305: [0mModule 
'"@prisma/client"' has no exported member 'ApiKey'.

[7m1[0m import { ApiKey as PrismaApiKey } from 
'@prisma/client';
[7m [0m [91m         ~~~~~~[0m
[96msrc/models/document.entity.ts[0m:[93m1[0m:[93
m10[0m - [91merror[0m[90m TS2305: [0mModule 
'"@prisma/client"' has no exported member 'Document'.

[7m1[0m import { Document as PrismaDocument, 
DocumentType, DocumentStatus } from '@prisma/client';
[7m [0m [91m         ~~~~~~~~[0m
[96msrc/models/document.entity.ts[0m:[93m1[0m:[93
m38[0m - [91merror[0m[90m TS2305: [0mModule 
'"@prisma/client"' has no exported member 
'DocumentType'.

[7m1[0m import { Document as PrismaDocument, 
DocumentType, DocumentStatus } from '@prisma/client';
[7m [0m [91m                                     
~~~~~~~~~~~~[0m
[96msrc/models/document.entity.ts[0m:[93m1[0m:[93
m52[0m - [91merror[0m[90m TS2305: [0mModule 
'"@prisma/client"' has no exported member 
'DocumentStatus'.

[7m1[0m import { Document as PrismaDocument, 
DocumentType, DocumentStatus } from '@prisma/client';
[7m [0m [91m                                       
            ~~~~~~~~~~~~~~[0m
[96msrc/models/permission.entity.ts[0m:[93m1[0m:[
93m10[0m - [91merror[0m[90m TS2305: [0mModule 
'"@prisma/client"' has no exported member 
'Permission'.

[7m1[0m import { Permission as PrismaPermission } 
from '@prisma/client';
[7m [0m [91m         ~~~~~~~~~~[0m
[96msrc/models/property.entity.ts[0m:[93m1[0m:[93
m10[0m - [91merror[0m[90m TS2305: [0mModule 
'"@prisma/client"' has no exported member 
'PropertyStatus'.

[7m1[0m import { PropertyStatus } from 
'@prisma/client';
[7m [0m [91m         ~~~~~~~~~~~~~~[0m
[96msrc/models/role.entity.ts[0m:[93m1[0m:[93m10
[0m - [91merror[0m[90m TS2305: [0mModule 
'"@prisma/client"' has no exported member 'Role'.

[7m1[0m import { Role as PrismaRole } from 
'@prisma/client';
[7m [0m [91m         ~~~~[0m
[96msrc/models/transaction.entity.ts[0m:[93m1[0m:
[93m10[0m - [91merror[0m[90m TS2305: [0mModule 
'"@prisma/client"' has no exported member 
'Transaction'.

[7m1[0m import { Transaction as PrismaTransaction, 
TransactionStatus, TransactionType } from 
'@prisma/client';
[7m [0m [91m         ~~~~~~~~~~~[0m
[96msrc/models/transaction.entity.ts[0m:[93m1[0m:
[93m44[0m - [91merror[0m[90m TS2305: [0mModule 
'"@prisma/client"' has no exported member 
'TransactionStatus'.

[7m1[0m import { Transaction as PrismaTransaction, 
TransactionStatus, TransactionType } from 
'@prisma/client';
[7m [0m [91m                                       
    ~~~~~~~~~~~~~~~~~[0m
[96msrc/models/transaction.entity.ts[0m:[93m1[0m:
[93m63[0m - [91merror[0m[90m TS2305: [0mModule 
'"@prisma/client"' has no exported member 
'TransactionType'.

[7m1[0m import { Transaction as PrismaTransaction, 
TransactionStatus, TransactionType } from 
'@prisma/client';
[7m [0m [91m                                       
                       ~~~~~~~~~~~~~~~[0m
[96msrc/models/user.entity.ts[0m:[93m1[0m:[93m10
[0m - [91merror[0m[90m TS2305: [0mModule 
'"@prisma/client"' has no exported member 'User'.

[7m1[0m import { User as PrismaUser, UserRole } 
from '@prisma/client';
[7m [0m [91m         ~~~~[0m
[96msrc/models/user.entity.ts[0m:[93m1[0m:[93m30
[0m - [91merror[0m[90m TS2305: [0mModule 
'"@prisma/client"' has no exported member 'UserRole'.

[7m1[0m import { User as PrismaUser, UserRole } 
from '@prisma/client';
[7m [0m [91m                             
~~~~~~~~[0m
[96msrc/observability/tracing.service.ts[0m:[93m13
[0m:[93m21[0m - [91merror[0m[90m TS2351: 
[0mThis expression is not constructable.
  Type 'typeof import("C:/Users/HP/Desktop/PropChain-B
ackEnd/node_modules/@opentelemetry/resources/build/src
/index")' has no construct signatures.
Found 50 error(s).

[7m13[0m       resource: new Resource({
[7m  [0m [91m                    ~~~~~~~~[0m
[96msrc/properties/dto/property-search.dto.ts[0m:[9
3m4[0m:[93m10[0m - [91merror[0m[90m TS2305: 
[0mModule '"@prisma/client"' has no exported member 
'PropertyStatus'.

[7m4[0m import { PropertyStatus } from 
'@prisma/client';
[7m [0m [91m         ~~~~~~~~~~~~~~[0m
[96msrc/properties/properties.service.ts[0m:[93m565
[0m:[93m54[0m - [91merror[0m[90m TS2345: 
[0mArgument of type 'PropertyQueryDto' is not 
assignable to parameter of type 'Record<string, 
unknown>'.
  Index signature for type 'string' is missing in 
type 'PropertyQueryDto'.

[7m565[0m     return 
`property:list:${this.serializeCacheInput(query || 
{})}`;
[7m   [0m [91m                                     
                ~~~~~~~~~~~[0m
[96msrc/properties/properties.service.ts[0m:[93m574
[0m:[93m93[0m - [91merror[0m[90m TS2345: 
[0mArgument of type 'PropertyQueryDto' is not 
assignable to parameter of type 'Record<string, 
unknown>'.
  Index signature for type 'string' is missing in 
type 'PropertyQueryDto'.

[7m574[0m     return `property:nearby:${latitude}:${
longitude}:${radiusKm}:${this.serializeCacheInput(quer
y || {})}`;
[7m   [0m [91m                                     
                                                      
 ~~~~~~~~~~~[0m
[96msrc/properties/search/property-search.service.ts
[0m:[93m2[0m:[93m18[0m - [91merror[0m[90m 
TS2305: [0mModule '"@prisma/client"' has no exported 
member 'PropertyStatus'.

[7m2[0m import { Prisma, PropertyStatus } from 
'@prisma/client';
[7m [0m [91m                 ~~~~~~~~~~~~~~[0m
[96msrc/transactions/transactions.service.ts[0m:[93
m16[0m:[93m49[0m - [91merror[0m[90m TS2339: 
[0mProperty 'estimateGas' does not exist on type 
'BlockchainService'.

[7m16[0m     const estimatedGas = 
this.blockchainService.estimateGas();
[7m  [0m [91m                                      
          ~~~~~~~~~~~[0m
[96msrc/transactions/transactions.service.ts[0m:[93
m53[0m:[93m55[0m - [91merror[0m[90m TS2339: 
[0mProperty 'createEscrowWallet' does not exist on 
type 'BlockchainService'.

[7m53[0m     const escrowWallet = await 
this.blockchainService.createEscrowWallet();
[7m  [0m [91m                                      
                ~~~~~~~~~~~~~~~~~~[0m
[96msrc/transactions/transactions.service.ts[0m:[93
m73[0m:[93m50[0m - [91merror[0m[90m TS2339: 
[0mProperty 'getTransactionReceipt' does not exist 
on type 'BlockchainService'.

[7m73[0m     const receipt = await this.blockchainSe
rvice.getTransactionReceipt(tx.blockchainHash);
[7m  [0m [91m                                      
           ~~~~~~~~~~~~~~~~~~~~~[0m
[96msrc/types/index.ts[0m:[93m27[0m:[93m1[0m - 
[91merror[0m[90m TS2308: [0mModule 
'./service.types' has already exported a member named 
'ValidationResult'. Consider explicitly re-exporting 
to resolve the ambiguity.

[7m27[0m export * from './validation.types';
[7m  [0m 
[91m~~~~~~~~~~~~~~~~~~~~~~~~~~~~~~~~~~~[0m
[96msrc/users/user.controller.ts[0m:[93m4[0m:[93m
10[0m - [91merror[0m[90m TS2300: [0mDuplicate 
identifier 'ApiTags'.

[7m4[0m import { ApiTags, ApiOperation, ApiResponse 
} from '@nestjs/swagger';
[7m [0m [91m         ~~~~~~~[0m
[96msrc/users/user.controller.ts[0m:[93m4[0m:[93m
19[0m - [91merror[0m[90m TS2300: [0mDuplicate 
identifier 'ApiOperation'.

[7m4[0m import { ApiTags, ApiOperation, ApiResponse 
} from '@nestjs/swagger';
[7m [0m [91m                  ~~~~~~~~~~~~[0m
[96msrc/users/user.controller.ts[0m:[93m4[0m:[93m
33[0m - [91merror[0m[90m TS2300: [0mDuplicate 
identifier 'ApiResponse'.

[7m4[0m import { ApiTags, ApiOperation, ApiResponse 
} from '@nestjs/swagger';
[7m [0m [91m                                
~~~~~~~~~~~[0m
[96msrc/users/user.controller.ts[0m:[93m7[0m:[93m
3[0m - [91merror[0m[90m TS2300: [0mDuplicate 
identifier 'ApiResponse'.

[7m7[0m   ApiResponse,
[7m [0m [91m  ~~~~~~~~~~~[0m
[96msrc/users/user.controller.ts[0m:[93m8[0m:[93m
3[0m - [91merror[0m[90m TS2300: [0mDuplicate 
identifier 'ApiTags'.

[7m8[0m   ApiTags,
[7m [0m [91m  ~~~~~~~[0m
[96msrc/users/user.controller.ts[0m:[93m9[0m:[93m
3[0m - [91merror[0m[90m TS2300: [0mDuplicate 
identifier 'ApiOperation'.


[7m9[0m   ApiOperation,
[7m [0m [91m  ~~~~~~~~~~~~[0m
[96msrc/users/user.controller.ts[0m:[93m19[0m:[93
m3[0m - [91merror[0m[90m TS2305: [0mModule 
'"@nestjs/swagger"' has no exported member 
'ApiDeprecated'.

[7m19[0m   ApiDeprecated,
[7m  [0m [91m  ~~~~~~~~~~~~~[0m
[96msrc/users/user.controller.ts[0m:[93m26[0m:[93
m3[0m - [91merror[0m[90m TS2305: [0mModule 
'"@nestjs/swagger"' has no exported member 
'ApiVersion'.

[7m26[0m   ApiVersion,
[7m  [0m [91m  ~~~~~~~~~~[0m
[96msrc/users/user.controller.ts[0m:[93m45[0m:[93
m5[0m - [91merror[0m[90m TS2353: [0mObject 
literal may only specify known properties, and 
'examples' does not exist in type 
'ApiResponseOptions'.

[7m45[0m     examples: {
[7m  [0m [91m    ~~~~~~~~[0m

